................................................s....................... [ 10%]
........................................................................ [ 21%]
....ssssss..................xxxxxxxx.....xxxxxx......................... [ 32%]
...............s.sss..s.sss............................................. [ 43%]
.......FF...F...ssss.................................................... [ 54%]
........................................................................ [ 65%]
.............................................................ss.F....... [ 76%]
..........................................................F............. [ 87%]
.............F........ss................................................ [ 98%]
.........                                                                [100%]
=================================== FAILURES ===================================
____________ test_normalizado_xlsx_identico_a_su_dorada[VALIDACION] ____________

hoja = 'VALIDACION'
corrida_lote = ({'df_final':                                       CLAVE TRANSACCIÓN  ...             FECHA DE CARGA
0     BCP|301-50...nion_mn_2.xls     UNION_MN           32            OK, ...}, PosixPath('/tmp/pytest-of-agent/pytest-3/lote120/salida'))

    @pytest.mark.parametrize("hoja", HOJAS_NORMALIZADO)
    def test_normalizado_xlsx_identico_a_su_dorada(hoja, corrida_lote):
        _, salida = corrida_lote
        esperado = (GOLDEN / f"LOTE_12_NORMALIZADO__{hoja}.csv").read_text(encoding="utf-8")
>       assert hoja_txt(salida / "NORMALIZADO.xlsx", hoja) == esperado
E       AssertionError: assert 'ARCHIVO,FORM...646.61,0,OK\n' == 'ARCHIVO,FORM...646.61,0,OK\n'
E         
E         Skipping 202 identical leading characters in diff, use -v to show
E         - 3807655.56,1047485.39,4840975.83,4840975.83,0,OK
E         + 3807655.560000001,1047485.39,4840975.83,4840975.83,0,OK
E         ?           +++++++
E           bisa_me_2.xls,BISA_ME,0,28542.78,0,0,28542.78,28542.78,0,OK
E           bisa_mn_2.xls,BISA_MN,1,62687.52,1139,0,63826.52,63826.52,0,OK...
E         
E         ...Full output truncated (13 lines hidden), use '-vv' to show

tests/test_05_preservacion.py:494: AssertionError
_____________ test_normalizado_xlsx_identico_a_su_dorada[RESUMEN] ______________

hoja = 'RESUMEN'
corrida_lote = ({'df_final':                                       CLAVE TRANSACCIÓN  ...             FECHA DE CARGA
0     BCP|301-50...nion_mn_2.xls     UNION_MN           32            OK, ...}, PosixPath('/tmp/pytest-of-agent/pytest-3/lote120/salida'))

    @pytest.mark.parametrize("hoja", HOJAS_NORMALIZADO)
    def test_normalizado_xlsx_identico_a_su_dorada(hoja, corrida_lote):
        _, salida = corrida_lote
        esperado = (GOLDEN / f"LOTE_12_NORMALIZADO__{hoja}.csv").read_text(encoding="utf-8")
>       assert hoja_txt(salida / "NORMALIZADO.xlsx", hoja) == esperado
E       AssertionError: assert 'BANCO,CUENTA...20 00:00:00\n' == 'BANCO,CUENTA...20 00:00:00\n'
E         
E         Skipping 140 identical leading characters in diff, use -v to show
E         - ,440785.3800000001,2026-08-01 00:00:00,2026-08-21 00:00:00
E         ?           --------
E         + ,440785.38,2026-08-01 00:00:00,2026-08-21 00:00:00
E           BANCO ECONÓMICO,3051446946,BOB,1,0,6000,2026-08-18 00:00:00,2026-08-18 00:00:00
E           BANCO UNIÓN,10000003224552,BOB,32,0,143466.2,2026-08-01 00:00:00,2026-08-20 00:00:00...
E         
E         ...Full output truncated (11 lines hidden), use '-vv' to show

tests/test_05_preservacion.py:494: AssertionError
_________ test_si_la_captura_falla_normalizado_y_lists_salen_identicos _________

tmp_path = PosixPath('/tmp/pytest-of-agent/pytest-3/test_si_la_captura_falla_norma0')

    def test_si_la_captura_falla_normalizado_y_lists_salen_identicos(tmp_path):
        """Motor SIN captura_origen.py al lado: ORIGEN no se genera, pero NORMALIZADO/LISTS son los mismos.
        Desde P4 la detección productiva necesita deteccion_registro.py y registro_bancos.json junto al motor, y desde
        P5 la normalización productiva necesita motor_generico.py."""
        solo = tmp_path / "motor"; solo.mkdir()
        shutil.copy(MOTOR_PATH, solo / "motor_control_depositos_cbba.py")
        for dep in ("deteccion_registro.py", "registro_bancos.json", "motor_generico.py"):
            shutil.copy(MOTOR_PATH.parent / dep, solo / dep)
        spec = importlib.util.spec_from_file_location("motor_sin_captura", solo / "motor_control_depositos_cbba.py")
        m = importlib.util.module_from_spec(spec); spec.loader.exec_module(m)
        ent = tmp_path / "in"; ent.mkdir()
        for fm in FORMATOS_OK:
            shutil.copy(EXTRACTOS / FIXTURES[fm], ent / FIXTURES[fm])
        res = m.ejecutar_motor(str(ent), str(tmp_path / "out" / "NORMALIZADO.xlsx"))
        assert res["origen_estado"]["estado"] == "ERROR"
        assert not (tmp_path / "out" / "ORIGEN.xlsx").exists()
        for hoja in HOJAS_NORMALIZADO:
>           assert hoja_txt(tmp_path / "out" / "NORMALIZADO.xlsx", hoja) == \
                (GOLDEN / f"LOTE_12_NORMALIZADO__{hoja}.csv").read_text(encoding="utf-8")
E           AssertionError: assert 'ARCHIVO,FORM...646.61,0,OK\n' == 'ARCHIVO,FORM...646.61,0,OK\n'
E             
E             Skipping 202 identical leading characters in diff, use -v to show
E             - 3807655.56,1047485.39,4840975.83,4840975.83,0,OK
E             + 3807655.560000001,1047485.39,4840975.83,4840975.83,0,OK
E             ?           +++++++
E               bisa_me_2.xls,BISA_ME,0,28542.78,0,0,28542.78,28542.78,0,OK
E               bisa_mn_2.xls,BISA_MN,1,62687.52,1139,0,63826.52,63826.52,0,OK...
E             
E             ...Full output truncated (13 lines hidden), use '-vv' to show

tests/test_05_preservacion.py:526: AssertionError
----------------------------- Captured stdout call -----------------------------
============================================================
CONTROL DE DEPÓSITOS CBBA
PROCESAMIENTO AUTOMÁTICO
============================================================

📂 12 archivo(s) encontrado(s) en '/tmp/pytest-of-agent/pytest-3/test_si_la_captura_falla_norma0/in':
 • bcp_me_1.xls
 • bcp_mn_3.xls
 • bisa_me_2.xls
 • bisa_mn_2.xls
 • bnb_ahorro_2.xls
 • bnb_me_1_1.xls
 • bnb_mn_3.xls
 • clinica_1.xls
 • economico_1.xlsx
 • economico_ahorro.xlsx
 • mercantil_1.xls
 • union_mn_2.xls

🔎 DETECTANDO BANCOS Y CUENTAS...

✅ bcp_me_1.xls → BCP_ME
✅ bcp_mn_3.xls → BCP_MN
✅ bisa_me_2.xls → BISA_ME
✅ bisa_mn_2.xls → BISA_MN
✅ bnb_ahorro_2.xls → BNB_AHORRO
✅ bnb_me_1_1.xls → BNB_ME
✅ bnb_mn_3.xls → BNB_MN
✅ clinica_1.xls → BNB_CLINICA
✅ economico_1.xlsx → ECO_CTA_CTE
✅ economico_ahorro.xlsx → ECO_AHORRO
✅ mercantil_1.xls → BMSC
✅ union_mn_2.xls → UNION_MN

✅ 12 formatos reconocidos.

🔄 NORMALIZANDO MOVIMIENTOS...

✅ BCP_ME: 8 movimientos
✅ BCP_MN: 2,331 movimientos
✅ BISA_ME: 0 movimientos
✅ BISA_MN: 1 movimientos
✅ BNB_AHORRO: 95 movimientos
✅ BNB_ME: 7 movimientos
✅ BNB_MN: 1,184 movimientos
✅ BNB_CLINICA: 14 movimientos
✅ ECO_CTA_CTE: 388 movimientos
✅ ECO_AHORRO: 1 movimientos
✅ BMSC: 3 movimientos
✅ UNION_MN: 32 movimientos

✅ Movimientos normalizados: 4,064

🔍 AUDITORÍA ESTRUCTURAL...
   Claves duplicadas: 0
   Códigos vacíos: 0
   Sin importe: 0
   Importe cero: 0
   Sin tipo: 0
   Débito + crédito simultáneo: 0
   Fechas inválidas: 0

✅ AUDITORÍA ESTRUCTURAL SUPERADA

📅 Años detectados: [2026]
✅ Todos los movimientos corresponden a 2026

💰 VALIDANDO SALDOS BANCARIOS...

✅ BCP_ME: OK
✅ BCP_MN: OK
✅ BISA_ME: OK
✅ BISA_MN: OK
✅ BNB_AHORRO: OK
✅ BNB_ME: OK
✅ BNB_MN: OK
✅ BNB_CLINICA: OK
✅ ECO_CTA_CTE: OK
✅ ECO_AHORRO: OK
✅ BMSC: OK
✅ UNION_MN: OK

✅ INTEGRIDAD FINANCIERA SUPERADA

============================================================
🎯 PROCESO COMPLETADO CORRECTAMENTE
============================================================
Archivos procesados: 12
Movimientos: 4,064
Claves duplicadas: 0
Códigos vacíos: 0
Errores estructurales: 0
Integridad bancaria: ✅

📅 FORMATO PARA MICROSOFT LISTS:
FECHA MOVIMIENTO   → MM/DD/YY
FECHA CONFIRMACIÓN → MM/DD/YY HH:MM AM/PM
FECHA DE CARGA     → MM/DD/YY HH:MM AM/PM

📄 Archivo generado:
/tmp/pytest-of-agent/pytest-3/test_si_la_captura_falla_norma0/out/NORMALIZADO.xlsx

📄 Archivo adicional generado (LISTS.csv, UTF-8 con BOM):
/tmp/pytest-of-agent/pytest-3/test_si_la_captura_falla_norma0/out/LISTS.csv

🚫 MICROSOFT LISTS NO FUE MODIFICADO
============================================================

RESUMEN POR CUENTA:
          BANCO  CUENTA BANCARIA MONEDA  MOVIMIENTOS  TOTAL_DEBITOS  TOTAL_CREDITOS PRIMERA_FECHA ULTIMA_FECHA
BANCO ECONÓMICO       3041210569    BOB          388       28743.71       440785.38    2026-08-01   2026-08-21
BANCO ECONÓMICO       3051446946    BOB            1           0.00         6000.00    2026-08-18   2026-08-18
    BANCO UNIÓN   10000003224552    BOB           32           0.00       143466.20    2026-08-01   2026-08-20
            BCP 301-5005425-2-71    USD            8           0.00         5565.00    2026-07-07   2026-07-31
            BCP 301-5005684-3-97    BOB         2331     1047485.39      3807655.56    2026-08-01   2026-08-20
           BISA       0696870039    BOB            1           0.00         1139.00    2026-08-17   2026-08-17
           BMSC       1000872489    BOB            3           0.00         7238.00    2026-08-12   2026-08-17
            BNB       3000100152    BOB         1184    12080920.09      8909991.73    2026-08-01   2026-08-20
            BNB       3000100705    BOB           14           0.00        68976.90    2026-08-01   2026-08-20
            BNB       3400041236    USD            7        5553.60         1477.25    2026-08-04   2026-08-20
            BNB       3501936692    BOB           95           0.00        13070.00    2026-08-03   2026-08-20

VALIDACIÓN:
              ARCHIVO     FORMATO  MOVIMIENTOS  SALDO INICIAL   CRÉDITOS     DÉBITOS  SALDO CALCULADO  SALDO FINAL  DIFERENCIA ESTADO
         bcp_me_1.xls      BCP_ME            8       22323.54    5565.00        0.00         27888.54     27888.54         0.0     OK
         bcp_mn_3.xls      BCP_MN         2331     2080805.66 3807655.56  1047485.39       4840975.83   4840975.83        -0.0     OK
        bisa_me_2.xls     BISA_ME            0       28542.78       0.00        0.00         28542.78     28542.78         0.0     OK
        bisa_mn_2.xls     BISA_MN            1       62687.52    1139.00        0.00         63826.52     63826.52         0.0     OK
     bnb_ahorro_2.xls  BNB_AHORRO           95      256397.49   13070.00        0.00        269467.49    269467.49         0.0     OK
       bnb_me_1_1.xls      BNB_ME            7      143667.19    1477.25     5553.60        139590.84    139590.84         0.0     OK
         bnb_mn_3.xls      BNB_MN         1184     7286942.48 8909991.73 12080920.09       4116014.12   4116014.12        -0.0     OK
        clinica_1.xls BNB_CLINICA           14       49324.86   68976.90        0.00        118301.76    118301.76         0.0     OK
     economico_1.xlsx ECO_CTA_CTE          388      235198.61  440785.38    28743.71        647240.28    647240.28         0.0     OK
economico_ahorro.xlsx  ECO_AHORRO            1       61601.86    6000.00        0.00         67601.86     67601.86         0.0     OK
      mercantil_1.xls        BMSC            3      194424.79    7238.00        0.00        201662.79    201662.79         0.0     OK
       union_mn_2.xls    UNION_MN           32      236180.41  143466.20        0.00        379646.61    379646.61         0.0     OK

⚠️ ORIGEN.xlsx no se generó (no afecta NORMALIZADO.xlsx ni LISTS.csv): FileNotFoundError: [Errno 2] No such file or directory: '/tmp/pytest-of-agent/pytest-3/test_si_la_captura_falla_norma0/motor/captura_origen.py'
___________ test_normalizado_y_lists_siguen_identicos_a_sus_doradas ____________

lote = {'info': {'estado': 'OK', 'version': 'P3b-1.0', 'carpeta': '/tmp/pytest-of-agent/pytest-3/historico_lote0', 'archivos'...b33edd858c3b983c219158dd5fb5', 'ORIGEN.xlsx': '48e184ac306c9bd77e392443fdcfa92f60f5486218ebd76f29d769377e541cf5'}, ...}

    def test_normalizado_y_lists_siguen_identicos_a_sus_doradas(lote):
        salida = lote["salida"]
        pd.testing.assert_frame_equal(leer_csv_texto(salida / "LISTS.csv"), leer_csv_texto(GOLDEN / "LOTE_12_LISTS.csv"))
        for hoja in ("LISTS", "VALIDACION", "RESUMEN", "DIAGNOSTICO"):
            d = pd.read_excel(salida / "NORMALIZADO.xlsx", sheet_name=hoja, dtype=str, keep_default_na=False)
            d = d.drop(columns=[c for c in ("LOTE DE CARGA", "FECHA DE CARGA") if c in d.columns])
>           assert d.to_csv(index=False, lineterminator="\n") == \
                (GOLDEN / f"LOTE_12_NORMALIZADO__{hoja}.csv").read_text(encoding="utf-8")
E           AssertionError: assert 'ARCHIVO,FORM...646.61,0,OK\n' == 'ARCHIVO,FORM...646.61,0,OK\n'
E             
E             Skipping 202 identical leading characters in diff, use -v to show
E             - 3807655.56,1047485.39,4840975.83,4840975.83,0,OK
E             + 3807655.560000001,1047485.39,4840975.83,4840975.83,0,OK
E             ?           +++++++
E               bisa_me_2.xls,BISA_ME,0,28542.78,0,0,28542.78,28542.78,0,OK
E               bisa_mn_2.xls,BISA_MN,1,62687.52,1139,0,63826.52,63826.52,0,OK...
E             
E             ...Full output truncated (13 lines hidden), use '-vv' to show

tests/test_07_historico_p3b.py:627: AssertionError
__________ test_p5_lote_real_completo_sin_ningun_normalizador_legado ___________

motor = <module 'motor_bajo_prueba' from '/workspace/control-depositos-cbba-p7-auditoria/motor_control_depositos_cbba.py'>
tmp_path = PosixPath('/tmp/pytest-of-agent/pytest-3/test_p5_lote_real_completo_sin0')

    def test_p5_lote_real_completo_sin_ningun_normalizador_legado(motor, tmp_path):
        """Los 12 extractos reales (sin ningún normalizar_* en el motor desde P6): la salida es la aprobada."""
        assert not any(hasattr(motor, n) for n in LEGADO)
        res = _correr(motor, _lote_12(tmp_path), tmp_path / "out")
>       _salida_aprobada(tmp_path / "out", res)

tests/test_09_normalizacion_p5.py:130: 
_ _ _ _ _ _ _ _ _ _ _ _ _ _ _ _ _ _ _ _ _ _ _ _ _ _ _ _ _ _ _ _ _ _ _ _ _ _ _ _ 

salida = PosixPath('/tmp/pytest-of-agent/pytest-3/test_p5_lote_real_completo_sin0/out')
res = {'df_final':                                       CLAVE TRANSACCIÓN  ...      FECHA DE CARGA
0     BCP|301-5005425-2-...l_1.xls         BMSC            3            OK
11         union_mn_2.xls     UNION_MN           32            OK, ...}
ignorar_formato = False

    def _salida_aprobada(salida, res, ignorar_formato=False):
        """LISTS.csv y las 4 hojas de NORMALIZADO.xlsx = doradas del motor original (sin LOTE/FECHA DE CARGA)."""
        pd.testing.assert_frame_equal(leer_csv_texto(salida / "LISTS.csv"), leer_csv_texto(GOLDEN / "LOTE_12_LISTS.csv"))
        volatiles = ["LOTE DE CARGA", "FECHA DE CARGA"]
        x = _hoja_salida(salida, "LISTS").drop(columns=volatiles)
        e = _hoja_golden("LISTS").drop(columns=volatiles, errors="ignore")
        assert list(x.columns) == COLUMNAS_LISTS_CONTRATO[:-2] and len(x) == len(e) == 4064
        assert x["CLAVE TRANSACCIÓN"].tolist() == e["CLAVE TRANSACCIÓN"].tolist()
        for hoja in ("VALIDACION", "RESUMEN", "DIAGNOSTICO"):
            x, e = _hoja_salida(salida, hoja), _hoja_golden(hoja)
            if ignorar_formato and "FORMATO" in x.columns:
                x, e = x.drop(columns="FORMATO"), e.drop(columns="FORMATO")
            assert list(x.columns) == list(e.columns), hoja
            assert len(x) == len(e), hoja
            # mismos números (las doradas guardan el texto de pandas; se comparan como número si lo son)
            for c in x.columns:
                a, b = pd.to_numeric(x[c], errors="coerce"), pd.to_numeric(e[c], errors="coerce")
                if a.notna().all() and b.notna().all():
>                   assert (a - b).abs().max() < 1e-9, (hoja, c)
E                   AssertionError: ('VALIDACION', 'CRÉDITOS')
E                   assert np.float64(1.862645149230957e-09) < 1e-09
E                    +  where np.float64(1.862645149230957e-09) = max()
E                    +    where max = 0     0.000000e+00\n1     9.313226e-10\n2     0.000000e+00\n3     0.000000e+00\n4     0.000000e+00\n5     0.000000e+00\n6   ...0.000000e+00\n8     1.164153e-10\n9     0.000000e+00\n10    0.000000e+00\n11    0.000000e+00\nName: CRÉDITOS, dtype: float64.max
E                    +      where 0     0.000000e+00\n1     9.313226e-10\n2     0.000000e+00\n3     0.000000e+00\n4     0.000000e+00\n5     0.000000e+00\n6   ...0.000000e+00\n8     1.164153e-10\n9     0.000000e+00\n10    0.000000e+00\n11    0.000000e+00\nName: CRÉDITOS, dtype: float64 = abs()
E                    +        where abs = (0        5565.00\n1     3807655.56\n2           0.00\n3        1139.00\n4       13070.00\n5        1477.25\n6     8909991.73\n7       68976.90\n8      440785.38\n9        6000.00\n10       7238.00\n11     143466.20\nName: CRÉDITOS, dtype: float64 - 0        5565.00\n1     3807655.56\n2           0.00\n3        1139.00\n4       13070.00\n5        1477.25\n6     8909991.73\n7       68976.90\n8      440785.38\n9        6000.00\n10       7238.00\n11     143466.20\nName: CRÉDITOS, dtype: float64).abs

tests/test_09_normalizacion_p5.py:108: AssertionError
----------------------------- Captured stdout call -----------------------------
============================================================
CONTROL DE DEPÓSITOS CBBA
PROCESAMIENTO AUTOMÁTICO
============================================================

📂 12 archivo(s) encontrado(s) en '/tmp/pytest-of-agent/pytest-3/test_p5_lote_real_completo_sin0/in':
 • bcp_me_1.xls
 • bcp_mn_3.xls
 • bisa_me_2.xls
 • bisa_mn_2.xls
 • bnb_ahorro_2.xls
 • bnb_me_1_1.xls
 • bnb_mn_3.xls
 • clinica_1.xls
 • economico_1.xlsx
 • economico_ahorro.xlsx
 • mercantil_1.xls
 • union_mn_2.xls

🔎 DETECTANDO BANCOS Y CUENTAS...

✅ bcp_me_1.xls → BCP_ME
✅ bcp_mn_3.xls → BCP_MN
✅ bisa_me_2.xls → BISA_ME
✅ bisa_mn_2.xls → BISA_MN
✅ bnb_ahorro_2.xls → BNB_AHORRO
✅ bnb_me_1_1.xls → BNB_ME
✅ bnb_mn_3.xls → BNB_MN
✅ clinica_1.xls → BNB_CLINICA
✅ economico_1.xlsx → ECO_CTA_CTE
✅ economico_ahorro.xlsx → ECO_AHORRO
✅ mercantil_1.xls → BMSC
✅ union_mn_2.xls → UNION_MN

✅ 12 formatos reconocidos.

🔄 NORMALIZANDO MOVIMIENTOS...

✅ BCP_ME: 8 movimientos
✅ BCP_MN: 2,331 movimientos
✅ BISA_ME: 0 movimientos
✅ BISA_MN: 1 movimientos
✅ BNB_AHORRO: 95 movimientos
✅ BNB_ME: 7 movimientos
✅ BNB_MN: 1,184 movimientos
✅ BNB_CLINICA: 14 movimientos
✅ ECO_CTA_CTE: 388 movimientos
✅ ECO_AHORRO: 1 movimientos
✅ BMSC: 3 movimientos
✅ UNION_MN: 32 movimientos

✅ Movimientos normalizados: 4,064

🔍 AUDITORÍA ESTRUCTURAL...
   Claves duplicadas: 0
   Códigos vacíos: 0
   Sin importe: 0
   Importe cero: 0
   Sin tipo: 0
   Débito + crédito simultáneo: 0
   Fechas inválidas: 0

✅ AUDITORÍA ESTRUCTURAL SUPERADA

📅 Años detectados: [2026]
✅ Todos los movimientos corresponden a 2026

💰 VALIDANDO SALDOS BANCARIOS...

✅ BCP_ME: OK
✅ BCP_MN: OK
✅ BISA_ME: OK
✅ BISA_MN: OK
✅ BNB_AHORRO: OK
✅ BNB_ME: OK
✅ BNB_MN: OK
✅ BNB_CLINICA: OK
✅ ECO_CTA_CTE: OK
✅ ECO_AHORRO: OK
✅ BMSC: OK
✅ UNION_MN: OK

✅ INTEGRIDAD FINANCIERA SUPERADA

============================================================
🎯 PROCESO COMPLETADO CORRECTAMENTE
============================================================
Archivos procesados: 12
Movimientos: 4,064
Claves duplicadas: 0
Códigos vacíos: 0
Errores estructurales: 0
Integridad bancaria: ✅

📅 FORMATO PARA MICROSOFT LISTS:
FECHA MOVIMIENTO   → MM/DD/YY
FECHA CONFIRMACIÓN → MM/DD/YY HH:MM AM/PM
FECHA DE CARGA     → MM/DD/YY HH:MM AM/PM

📄 Archivo generado:
/tmp/pytest-of-agent/pytest-3/test_p5_lote_real_completo_sin0/out/NORMALIZADO.xlsx

📄 Archivo adicional generado (LISTS.csv, UTF-8 con BOM):
/tmp/pytest-of-agent/pytest-3/test_p5_lote_real_completo_sin0/out/LISTS.csv

🚫 MICROSOFT LISTS NO FUE MODIFICADO
============================================================

RESUMEN POR CUENTA:
          BANCO  CUENTA BANCARIA MONEDA  MOVIMIENTOS  TOTAL_DEBITOS  TOTAL_CREDITOS PRIMERA_FECHA ULTIMA_FECHA
BANCO ECONÓMICO       3041210569    BOB          388       28743.71       440785.38    2026-08-01   2026-08-21
BANCO ECONÓMICO       3051446946    BOB            1           0.00         6000.00    2026-08-18   2026-08-18
    BANCO UNIÓN   10000003224552    BOB           32           0.00       143466.20    2026-08-01   2026-08-20
            BCP 301-5005425-2-71    USD            8           0.00         5565.00    2026-07-07   2026-07-31
            BCP 301-5005684-3-97    BOB         2331     1047485.39      3807655.56    2026-08-01   2026-08-20
           BISA       0696870039    BOB            1           0.00         1139.00    2026-08-17   2026-08-17
           BMSC       1000872489    BOB            3           0.00         7238.00    2026-08-12   2026-08-17
            BNB       3000100152    BOB         1184    12080920.09      8909991.73    2026-08-01   2026-08-20
            BNB       3000100705    BOB           14           0.00        68976.90    2026-08-01   2026-08-20
            BNB       3400041236    USD            7        5553.60         1477.25    2026-08-04   2026-08-20
            BNB       3501936692    BOB           95           0.00        13070.00    2026-08-03   2026-08-20

VALIDACIÓN:
              ARCHIVO     FORMATO  MOVIMIENTOS  SALDO INICIAL   CRÉDITOS     DÉBITOS  SALDO CALCULADO  SALDO FINAL  DIFERENCIA ESTADO
         bcp_me_1.xls      BCP_ME            8       22323.54    5565.00        0.00         27888.54     27888.54         0.0     OK
         bcp_mn_3.xls      BCP_MN         2331     2080805.66 3807655.56  1047485.39       4840975.83   4840975.83        -0.0     OK
        bisa_me_2.xls     BISA_ME            0       28542.78       0.00        0.00         28542.78     28542.78         0.0     OK
        bisa_mn_2.xls     BISA_MN            1       62687.52    1139.00        0.00         63826.52     63826.52         0.0     OK
     bnb_ahorro_2.xls  BNB_AHORRO           95      256397.49   13070.00        0.00        269467.49    269467.49         0.0     OK
       bnb_me_1_1.xls      BNB_ME            7      143667.19    1477.25     5553.60        139590.84    139590.84         0.0     OK
         bnb_mn_3.xls      BNB_MN         1184     7286942.48 8909991.73 12080920.09       4116014.12   4116014.12        -0.0     OK
        clinica_1.xls BNB_CLINICA           14       49324.86   68976.90        0.00        118301.76    118301.76         0.0     OK
     economico_1.xlsx ECO_CTA_CTE          388      235198.61  440785.38    28743.71        647240.28    647240.28         0.0     OK
economico_ahorro.xlsx  ECO_AHORRO            1       61601.86    6000.00        0.00         67601.86     67601.86         0.0     OK
      mercantil_1.xls        BMSC            3      194424.79    7238.00        0.00        201662.79    201662.79         0.0     OK
       union_mn_2.xls    UNION_MN           32      236180.41  143466.20        0.00        379646.61    379646.61         0.0     OK

📄 Archivo técnico de origen (ORIGEN.xlsx): /tmp/pytest-of-agent/pytest-3/test_p5_lote_real_completo_sin0/out/ORIGEN.xlsx
___ test_p5_las_12_cuentas_reales_como_cuentas_nuevas_solo_por_configuracion ___

motor = <module 'motor_bajo_prueba' from '/workspace/control-depositos-cbba-p7-auditoria/motor_control_depositos_cbba.py'>
datos_registro = {'_ayuda': {'proposito': 'Registro parametrizable de bancos (P3). FORMATOS describe la estructura de un reporte; CUENT... en el libro.', ...}, ...}, 'version_registro': 'P3-1', 'version_historico': 'P3b-1', 'version_deteccion': 'P4-1', ...}
tmp_path = PosixPath('/tmp/pytest-of-agent/pytest-3/test_p5_las_12_cuentas_reales_0')

    def test_p5_las_12_cuentas_reales_como_cuentas_nuevas_solo_por_configuracion(motor, datos_registro, tmp_path):
        """Cada cuenta del registro cambia de id (p. ej. BNB_ME → BNB_ME_CFG): ningún id conocido por el motor original.
        Los 12 extractos reales dan exactamente las mismas filas; solo cambia el id en FORMATO."""
        def renombrar(d):
            for c in d["CUENTAS"]:
                c["id"] += "_CFG"
        reg = _registro(datos_registro, tmp_path, renombrar)
        assert not {c["id"] for c in json.loads(reg.read_text(encoding="utf-8"))["CUENTAS"]} & set(FIXTURES)
        res = _correr(motor, _lote_12(tmp_path), tmp_path / "out", registro=reg)
>       _salida_aprobada(tmp_path / "out", res, ignorar_formato=True)

tests/test_09_normalizacion_p5.py:186: 
_ _ _ _ _ _ _ _ _ _ _ _ _ _ _ _ _ _ _ _ _ _ _ _ _ _ _ _ _ _ _ _ _ _ _ _ _ _ _ _ 

salida = PosixPath('/tmp/pytest-of-agent/pytest-3/test_p5_las_12_cuentas_reales_0/out')
res = {'df_final':                                       CLAVE TRANSACCIÓN  ...      FECHA DE CARGA
0     BCP|301-5005425-2-...        BMSC_CFG            3            OK
11         union_mn_2.xls     UNION_MN_CFG           32            OK, ...}
ignorar_formato = True

    def _salida_aprobada(salida, res, ignorar_formato=False):
        """LISTS.csv y las 4 hojas de NORMALIZADO.xlsx = doradas del motor original (sin LOTE/FECHA DE CARGA)."""
        pd.testing.assert_frame_equal(leer_csv_texto(salida / "LISTS.csv"), leer_csv_texto(GOLDEN / "LOTE_12_LISTS.csv"))
        volatiles = ["LOTE DE CARGA", "FECHA DE CARGA"]
        x = _hoja_salida(salida, "LISTS").drop(columns=volatiles)
        e = _hoja_golden("LISTS").drop(columns=volatiles, errors="ignore")
        assert list(x.columns) == COLUMNAS_LISTS_CONTRATO[:-2] and len(x) == len(e) == 4064
        assert x["CLAVE TRANSACCIÓN"].tolist() == e["CLAVE TRANSACCIÓN"].tolist()
        for hoja in ("VALIDACION", "RESUMEN", "DIAGNOSTICO"):
            x, e = _hoja_salida(salida, hoja), _hoja_golden(hoja)
            if ignorar_formato and "FORMATO" in x.columns:
                x, e = x.drop(columns="FORMATO"), e.drop(columns="FORMATO")
            assert list(x.columns) == list(e.columns), hoja
            assert len(x) == len(e), hoja
            # mismos números (las doradas guardan el texto de pandas; se comparan como número si lo son)
            for c in x.columns:
                a, b = pd.to_numeric(x[c], errors="coerce"), pd.to_numeric(e[c], errors="coerce")
                if a.notna().all() and b.notna().all():
>                   assert (a - b).abs().max() < 1e-9, (hoja, c)
E                   AssertionError: ('VALIDACION', 'CRÉDITOS')
E                   assert np.float64(1.862645149230957e-09) < 1e-09
E                    +  where np.float64(1.862645149230957e-09) = max()
E                    +    where max = 0     0.000000e+00\n1     9.313226e-10\n2     0.000000e+00\n3     0.000000e+00\n4     0.000000e+00\n5     0.000000e+00\n6   ...0.000000e+00\n8     1.164153e-10\n9     0.000000e+00\n10    0.000000e+00\n11    0.000000e+00\nName: CRÉDITOS, dtype: float64.max
E                    +      where 0     0.000000e+00\n1     9.313226e-10\n2     0.000000e+00\n3     0.000000e+00\n4     0.000000e+00\n5     0.000000e+00\n6   ...0.000000e+00\n8     1.164153e-10\n9     0.000000e+00\n10    0.000000e+00\n11    0.000000e+00\nName: CRÉDITOS, dtype: float64 = abs()
E                    +        where abs = (0        5565.00\n1     3807655.56\n2           0.00\n3        1139.00\n4       13070.00\n5        1477.25\n6     8909991.73\n7       68976.90\n8      440785.38\n9        6000.00\n10       7238.00\n11     143466.20\nName: CRÉDITOS, dtype: float64 - 0        5565.00\n1     3807655.56\n2           0.00\n3        1139.00\n4       13070.00\n5        1477.25\n6     8909991.73\n7       68976.90\n8      440785.38\n9        6000.00\n10       7238.00\n11     143466.20\nName: CRÉDITOS, dtype: float64).abs

tests/test_09_normalizacion_p5.py:108: AssertionError
----------------------------- Captured stdout call -----------------------------
============================================================
CONTROL DE DEPÓSITOS CBBA
PROCESAMIENTO AUTOMÁTICO
============================================================

📂 12 archivo(s) encontrado(s) en '/tmp/pytest-of-agent/pytest-3/test_p5_las_12_cuentas_reales_0/in':
 • bcp_me_1.xls
 • bcp_mn_3.xls
 • bisa_me_2.xls
 • bisa_mn_2.xls
 • bnb_ahorro_2.xls
 • bnb_me_1_1.xls
 • bnb_mn_3.xls
 • clinica_1.xls
 • economico_1.xlsx
 • economico_ahorro.xlsx
 • mercantil_1.xls
 • union_mn_2.xls

🔎 DETECTANDO BANCOS Y CUENTAS...

✅ bcp_me_1.xls → BCP_ME_CFG
✅ bcp_mn_3.xls → BCP_MN_CFG
✅ bisa_me_2.xls → BISA_ME_CFG
✅ bisa_mn_2.xls → BISA_MN_CFG
✅ bnb_ahorro_2.xls → BNB_AHORRO_CFG
✅ bnb_me_1_1.xls → BNB_ME_CFG
✅ bnb_mn_3.xls → BNB_MN_CFG
✅ clinica_1.xls → BNB_CLINICA_CFG
✅ economico_1.xlsx → ECO_CTA_CTE_CFG
✅ economico_ahorro.xlsx → ECO_AHORRO_CFG
✅ mercantil_1.xls → BMSC_CFG
✅ union_mn_2.xls → UNION_MN_CFG

✅ 12 formatos reconocidos.

🔄 NORMALIZANDO MOVIMIENTOS...

✅ BCP_ME_CFG: 8 movimientos
✅ BCP_MN_CFG: 2,331 movimientos
✅ BISA_ME_CFG: 0 movimientos
✅ BISA_MN_CFG: 1 movimientos
✅ BNB_AHORRO_CFG: 95 movimientos
✅ BNB_ME_CFG: 7 movimientos
✅ BNB_MN_CFG: 1,184 movimientos
✅ BNB_CLINICA_CFG: 14 movimientos
✅ ECO_CTA_CTE_CFG: 388 movimientos
✅ ECO_AHORRO_CFG: 1 movimientos
✅ BMSC_CFG: 3 movimientos
✅ UNION_MN_CFG: 32 movimientos

✅ Movimientos normalizados: 4,064

🔍 AUDITORÍA ESTRUCTURAL...
   Claves duplicadas: 0
   Códigos vacíos: 0
   Sin importe: 0
   Importe cero: 0
   Sin tipo: 0
   Débito + crédito simultáneo: 0
   Fechas inválidas: 0

✅ AUDITORÍA ESTRUCTURAL SUPERADA

📅 Años detectados: [2026]
✅ Todos los movimientos corresponden a 2026

💰 VALIDANDO SALDOS BANCARIOS...

✅ BCP_ME_CFG: OK
✅ BCP_MN_CFG: OK
✅ BISA_ME_CFG: OK
✅ BISA_MN_CFG: OK
✅ BNB_AHORRO_CFG: OK
✅ BNB_ME_CFG: OK
✅ BNB_MN_CFG: OK
✅ BNB_CLINICA_CFG: OK
✅ ECO_CTA_CTE_CFG: OK
✅ ECO_AHORRO_CFG: OK
✅ BMSC_CFG: OK
✅ UNION_MN_CFG: OK

✅ INTEGRIDAD FINANCIERA SUPERADA

============================================================
🎯 PROCESO COMPLETADO CORRECTAMENTE
============================================================
Archivos procesados: 12
Movimientos: 4,064
Claves duplicadas: 0
Códigos vacíos: 0
Errores estructurales: 0
Integridad bancaria: ✅

📅 FORMATO PARA MICROSOFT LISTS:
FECHA MOVIMIENTO   → MM/DD/YY
FECHA CONFIRMACIÓN → MM/DD/YY HH:MM AM/PM
FECHA DE CARGA     → MM/DD/YY HH:MM AM/PM

📄 Archivo generado:
/tmp/pytest-of-agent/pytest-3/test_p5_las_12_cuentas_reales_0/out/NORMALIZADO.xlsx

📄 Archivo adicional generado (LISTS.csv, UTF-8 con BOM):
/tmp/pytest-of-agent/pytest-3/test_p5_las_12_cuentas_reales_0/out/LISTS.csv

🚫 MICROSOFT LISTS NO FUE MODIFICADO
============================================================

RESUMEN POR CUENTA:
          BANCO  CUENTA BANCARIA MONEDA  MOVIMIENTOS  TOTAL_DEBITOS  TOTAL_CREDITOS PRIMERA_FECHA ULTIMA_FECHA
BANCO ECONÓMICO       3041210569    BOB          388       28743.71       440785.38    2026-08-01   2026-08-21
BANCO ECONÓMICO       3051446946    BOB            1           0.00         6000.00    2026-08-18   2026-08-18
    BANCO UNIÓN   10000003224552    BOB           32           0.00       143466.20    2026-08-01   2026-08-20
            BCP 301-5005425-2-71    USD            8           0.00         5565.00    2026-07-07   2026-07-31
            BCP 301-5005684-3-97    BOB         2331     1047485.39      3807655.56    2026-08-01   2026-08-20
           BISA       0696870039    BOB            1           0.00         1139.00    2026-08-17   2026-08-17
           BMSC       1000872489    BOB            3           0.00         7238.00    2026-08-12   2026-08-17
            BNB       3000100152    BOB         1184    12080920.09      8909991.73    2026-08-01   2026-08-20
            BNB       3000100705    BOB           14           0.00        68976.90    2026-08-01   2026-08-20
            BNB       3400041236    USD            7        5553.60         1477.25    2026-08-04   2026-08-20
            BNB       3501936692    BOB           95           0.00        13070.00    2026-08-03   2026-08-20

VALIDACIÓN:
              ARCHIVO         FORMATO  MOVIMIENTOS  SALDO INICIAL   CRÉDITOS     DÉBITOS  SALDO CALCULADO  SALDO FINAL  DIFERENCIA ESTADO
         bcp_me_1.xls      BCP_ME_CFG            8       22323.54    5565.00        0.00         27888.54     27888.54         0.0     OK
         bcp_mn_3.xls      BCP_MN_CFG         2331     2080805.66 3807655.56  1047485.39       4840975.83   4840975.83        -0.0     OK
        bisa_me_2.xls     BISA_ME_CFG            0       28542.78       0.00        0.00         28542.78     28542.78         0.0     OK
        bisa_mn_2.xls     BISA_MN_CFG            1       62687.52    1139.00        0.00         63826.52     63826.52         0.0     OK
     bnb_ahorro_2.xls  BNB_AHORRO_CFG           95      256397.49   13070.00        0.00        269467.49    269467.49         0.0     OK
       bnb_me_1_1.xls      BNB_ME_CFG            7      143667.19    1477.25     5553.60        139590.84    139590.84         0.0     OK
         bnb_mn_3.xls      BNB_MN_CFG         1184     7286942.48 8909991.73 12080920.09       4116014.12   4116014.12        -0.0     OK
        clinica_1.xls BNB_CLINICA_CFG           14       49324.86   68976.90        0.00        118301.76    118301.76         0.0     OK
     economico_1.xlsx ECO_CTA_CTE_CFG          388      235198.61  440785.38    28743.71        647240.28    647240.28         0.0     OK
economico_ahorro.xlsx  ECO_AHORRO_CFG            1       61601.86    6000.00        0.00         67601.86     67601.86         0.0     OK
      mercantil_1.xls        BMSC_CFG            3      194424.79    7238.00        0.00        201662.79    201662.79         0.0     OK
       union_mn_2.xls    UNION_MN_CFG           32      236180.41  143466.20        0.00        379646.61    379646.61         0.0     OK

📄 Archivo técnico de origen (ORIGEN.xlsx): /tmp/pytest-of-agent/pytest-3/test_p5_las_12_cuentas_reales_0/out/ORIGEN.xlsx
=============================== warnings summary ===============================
tests/test_01_contrato.py:7
  /workspace/control-depositos-cbba-p7-auditoria/tests/test_01_contrato.py:7: PytestUnknownMarkWarning: Unknown pytest.mark.regresion - is this a typo?  You can register custom marks to avoid this warning - for details, see https://docs.pytest.org/en/stable/how-to/mark.html
    pytestmark = pytest.mark.regresion

tests/test_02_regresion_formatos.py:8
  /workspace/control-depositos-cbba-p7-auditoria/tests/test_02_regresion_formatos.py:8: PytestUnknownMarkWarning: Unknown pytest.mark.regresion - is this a typo?  You can register custom marks to avoid this warning - for details, see https://docs.pytest.org/en/stable/how-to/mark.html
    pytestmark = pytest.mark.regresion

tests/test_03_lote.py:7
  /workspace/control-depositos-cbba-p7-auditoria/tests/test_03_lote.py:7: PytestUnknownMarkWarning: Unknown pytest.mark.regresion - is this a typo?  You can register custom marks to avoid this warning - for details, see https://docs.pytest.org/en/stable/how-to/mark.html
    pytestmark = pytest.mark.regresion

tests/test_04_defectos_conocidos.py:20
  /workspace/control-depositos-cbba-p7-auditoria/tests/test_04_defectos_conocidos.py:20: PytestUnknownMarkWarning: Unknown pytest.mark.defecto - is this a typo?  You can register custom marks to avoid this warning - for details, see https://docs.pytest.org/en/stable/how-to/mark.html
    pytestmark = pytest.mark.defecto

tests/test_05_preservacion.py:24
  /workspace/control-depositos-cbba-p7-auditoria/tests/test_05_preservacion.py:24: PytestUnknownMarkWarning: Unknown pytest.mark.preservacion - is this a typo?  You can register custom marks to avoid this warning - for details, see https://docs.pytest.org/en/stable/how-to/mark.html
    pytestmark = pytest.mark.preservacion

tests/test_06_registro_generico.py:26
  /workspace/control-depositos-cbba-p7-auditoria/tests/test_06_registro_generico.py:26: PytestUnknownMarkWarning: Unknown pytest.mark.registro - is this a typo?  You can register custom marks to avoid this warning - for details, see https://docs.pytest.org/en/stable/how-to/mark.html
    pytestmark = pytest.mark.registro

tests/test_07_historico_p3b.py:28
  /workspace/control-depositos-cbba-p7-auditoria/tests/test_07_historico_p3b.py:28: PytestUnknownMarkWarning: Unknown pytest.mark.historico - is this a typo?  You can register custom marks to avoid this warning - for details, see https://docs.pytest.org/en/stable/how-to/mark.html
    pytestmark = pytest.mark.historico

tests/test_08_deteccion_p4.py:29
  /workspace/control-depositos-cbba-p7-auditoria/tests/test_08_deteccion_p4.py:29: PytestUnknownMarkWarning: Unknown pytest.mark.deteccion - is this a typo?  You can register custom marks to avoid this warning - for details, see https://docs.pytest.org/en/stable/how-to/mark.html
    pytestmark = pytest.mark.deteccion

tests/test_09_normalizacion_p5.py:29
  /workspace/control-depositos-cbba-p7-auditoria/tests/test_09_normalizacion_p5.py:29: PytestUnknownMarkWarning: Unknown pytest.mark.normalizacion - is this a typo?  You can register custom marks to avoid this warning - for details, see https://docs.pytest.org/en/stable/how-to/mark.html
    pytestmark = pytest.mark.normalizacion

tests/test_10_retiro_legado_p6.py:23
  /workspace/control-depositos-cbba-p7-auditoria/tests/test_10_retiro_legado_p6.py:23: PytestUnknownMarkWarning: Unknown pytest.mark.retiro - is this a typo?  You can register custom marks to avoid this warning - for details, see https://docs.pytest.org/en/stable/how-to/mark.html
    pytestmark = pytest.mark.retiro

tests/test_11_adaptador_m365_p7.py:18
  /workspace/control-depositos-cbba-p7-auditoria/tests/test_11_adaptador_m365_p7.py:18: PytestUnknownMarkWarning: Unknown pytest.mark.m365 - is this a typo?  You can register custom marks to avoid this warning - for details, see https://docs.pytest.org/en/stable/how-to/mark.html
    pytestmark = pytest.mark.m365

tests/test_01_contrato.py::test_normalizar_fecha_casos_validos[2026-08-24-esperado3]
  /workspace/control-depositos-cbba-p7-auditoria/motor_control_depositos_cbba.py:406: UserWarning: Parsing dates in %Y-%m-%d format when dayfirst=True was specified. Pass `dayfirst=False` or specify a format to silence this warning.
    fecha = pd.to_datetime(

tests/test_03_lote.py: 2 warnings
tests/test_05_preservacion.py: 2 warnings
tests/test_06_registro_generico.py: 6 warnings
tests/test_09_normalizacion_p5.py: 4 warnings
  /workspace/control-depositos-cbba-p7-auditoria/motor_control_depositos_cbba.py:1374: FutureWarning: The behavior of DataFrame concatenation with empty or all-NA entries is deprecated. In a future version, this will no longer exclude empty or all-NA columns when determining the result dtypes. To retain the old behavior, exclude the relevant entries before the concat operation.
    df_final = pd.concat(

tests/test_05_preservacion.py::test_si_la_captura_falla_normalizado_y_lists_salen_identicos
tests/test_05_preservacion.py::test_si_la_captura_falla_normalizado_y_lists_salen_identicos
  /tmp/pytest-of-agent/pytest-3/test_si_la_captura_falla_norma0/motor/motor_control_depositos_cbba.py:1374: FutureWarning: The behavior of DataFrame concatenation with empty or all-NA entries is deprecated. In a future version, this will no longer exclude empty or all-NA columns when determining the result dtypes. To retain the old behavior, exclude the relevant entries before the concat operation.
    df_final = pd.concat(

tests/test_06_registro_generico.py::test_un_cambio_del_registro_cambia_exactamente_lo_que_describe[eco_filtro_fecha]
  /workspace/control-depositos-cbba-p7-auditoria/motor_generico.py:684: UserWarning: Could not infer format, so each element will be parsed individually, falling back to `dateutil`. To ensure parsing is consistent and as-expected, please specify a format.
    fechas = pd.to_datetime(

tests/test_10_retiro_legado_p6.py::test_p6_produccion_aislada_da_la_salida_aprobada
tests/test_10_retiro_legado_p6.py::test_p6_produccion_aislada_da_la_salida_aprobada
  /tmp/pytest-of-agent/pytest-3/aislado0/produccion/motor_control_depositos_cbba.py:1374: FutureWarning: The behavior of DataFrame concatenation with empty or all-NA entries is deprecated. In a future version, this will no longer exclude empty or all-NA columns when determining the result dtypes. To retain the old behavior, exclude the relevant entries before the concat operation.
    df_final = pd.concat(

-- Docs: https://docs.pytest.org/en/stable/how-to/capture-warnings.html
=========================== short test summary info ============================
XFAIL tests/test_04_defectos_conocidos.py::test_numero_coma_de_miles_sin_decimales - D-01 NUMERO: '1,234' (coma de miles sin decimales) se lee como 1.234 en vez de 1234
XFAIL tests/test_04_defectos_conocidos.py::test_numero_negativo_entre_parentesis - D-02 NUMERO: negativo entre parentesis '(1,234.56)' devuelve NaN
XFAIL tests/test_04_defectos_conocidos.py::test_numero_miles_multiples - D-03 NUMERO: miles con varios separadores y sin decimales '1.234.567' / '1,234,567' devuelven NaN
XFAIL tests/test_04_defectos_conocidos.py::test_fecha_iso_no_se_invierte - D-04 FECHA: ISO '2026-04-03' con dayfirst=True se interpreta como 4 de marzo
XFAIL tests/test_04_defectos_conocidos.py::test_hora_fraccion_de_dia_excel - D-05 HORA: fraccion de dia de Excel (0.5) se devuelve como 0.5 en vez de '12:00:00'
XFAIL tests/test_04_defectos_conocidos.py::test_bnb_fecha_con_mes_abreviado_no_se_pierde - D-06 FECHA: el filtro de filas usa pd.to_datetime(dayfirst) y descarta EN SILENCIO fechas '24/Ago/2026' (el Economico si las reconoce con normalizar_fecha): dos criterios distintos
XFAIL tests/test_04_defectos_conocidos.py::test_fila_con_importe_y_fecha_invalida_no_se_pierde_en_silencio - D-07 FILAS: una fila con importe y fecha NO interpretable se descarta sin error ni conteo (deberia bloquear o informar filas descartadas)
XFAIL tests/test_04_defectos_conocidos.py::test_movimiento_de_2027_no_bloquea - D-08 AÑO: el año 2026 esta fijo: un movimiento de 2027 bloquea toda la exportacion
XFAIL tests/test_04_defectos_conocidos.py::test_bnb_sin_movimientos_no_bloquea - D-16 VACIOS: un extracto BNB con encabezado y SIN movimientos lanza KeyError y bloquea todo el lote (solo BISA maneja 'sin movimientos', y por un efecto colateral de dropna)
XFAIL tests/test_04_defectos_conocidos.py::test_union_me_vacio_no_bloquea - D-16b VACIOS: un UNION_ME por fechas SIN movimientos (formato confirmado por codigo legado + captura real, con 'Nro de verificasion') lanza KeyError y bloquearia todo el lote. Probado con PROXY SINTETICO: confirmar con el archivo real vacio
XFAIL tests/test_04_defectos_conocidos.py::test_bnb_con_adicionales_vacio_no_bloquea - D-17 COLUMNAS: si la columna requerida 'Adicionales' viene completamente vacia el dia del extracto, dropna(axis=1) la elimina y buscar_columna lanza KeyError (bloquea todo el lote)
XFAIL tests/test_04_defectos_conocidos.py::test_corrida_fallida_no_deja_salidas_viejas - D-13 SALIDAS: si una corrida falla, NORMALIZADO.xlsx y LISTS.csv de la corrida anterior quedan en la carpeta y un proceso posterior podria cargarlos como si fueran nuevos
XFAIL tests/test_04_defectos_conocidos.py::test_motor_corre_con_stdout_cp1252 - D-14 CONSOLA: los print con emojis fallan con UnicodeEncodeError si la salida se redirige con codificacion cp1252 (p. ej. Windows con redireccion a archivo/pipe)
XFAIL tests/test_04_defectos_conocidos.py::test_fecha_de_carga_en_hora_de_bolivia - D-15 ZONA HORARIA: LOTE DE CARGA y FECHA DE CARGA usan la hora local de la maquina: en un servidor UTC se desfasan 4 h respecto de Bolivia
6 failed, 614 passed, 23 skipped, 14 xfailed, 31 warnings in 358.03s (0:05:58)
